// Jest Snapshot v1, https://goo.gl/fbAQLP

exports[`ProductTitle Debe de mostrar el componente con el nombre del producto 1`] = `
<article
  className=" productCard undefined"
>
  <span
    className="productDescription undefined"
  >
    Coffe Mug - Card
  </span>
</article>
`;

exports[`ProductTitle Debe de mostrar el componente correctamente con el titulo personalizado 1`] = `
<span
  className="productDescription custom-class"
>
  custom product
</span>
`;
